// Jest Snapshot v1, https://goo.gl/fbAQLP

exports[`VSelectMulti Component Renders properly 1`] = `
<div class="v-input theme--light v-text-field v-select v-select--chips v-select--is-multi">
  <div class="v-input__control">
    <div role="button" aria-haspopup="listbox" aria-expanded="false" aria-owns="list-2" class="v-input__slot">
      <div class="v-select__slot"><label for="input-2" class="v-label theme--light" style="left: 0px; position: absolute;">label</label>
        <div class="v-select__selections"><input data-testid="" id="input-2" readonly="readonly" type="text" aria-readonly="false" autocomplete="off"></div>
        <div class="v-input__append-inner">
          <div></div>
        </div>
        <div class="v-input__append-inner">
          <div class="v-input__icon v-input__icon--append"><i aria-hidden="true" class="v-icon notranslate mdi mdi-menu-down theme--light"></i></div>
        </div><input type="hidden">
      </div>
      <div class="v-menu">
        <!---->
      </div>
    </div>
    <div class="v-text-field__details">
      <div class="v-messages theme--light">
        <transition-group-stub tag="div" name="message-transition" class="v-messages__wrapper"></transition-group-stub>
      </div>
    </div>
  </div>
</div>
`;
