// Jest Snapshot v1, https://goo.gl/fbAQLP

exports[`SettingDrawer Component Renders properly 1`] = `
<nav class="v-navigation-drawer v-navigation-drawer--fixed v-navigation-drawer--is-mobile v-navigation-drawer--open v-navigation-drawer--right v-navigation-drawer--temporary theme--light" style="height: 100vh; top: 0px; transform: translateX(0%); width: 256px;">
  <div class="v-navigation-drawer__content">
    <div tabindex="-1" class="v-list-item theme--light">
      <div class="v-list-item__content">
        <div class="v-list-item__title text-h6">settingDrawer.title</div>
      </div>
    </div>
    <hr role="separator" aria-orientation="horizontal" class="v-divider theme--light">
    <div tabindex="-1" class="v-list-item theme--light">
      <div class="v-list-item__content">
        <div class="v-list-item__title">settingDrawer.theme</div>
        <div class="row no-gutters justify-space-around"><button type="button" class="v-btn v-btn--is-elevated v-btn--has-bg theme--light v-size--default success"><span class="v-btn__content"><i aria-hidden="true" class="v-icon notranslate v-icon--left mdi mdi-weather-sunny theme--light"></i>settingDrawer.light</span></button><button type="button" class="v-btn v-btn--is-elevated v-btn--has-bg theme--light v-size--default"><span class="v-btn__content"><i aria-hidden="true" class="v-icon notranslate v-icon--left mdi mdi-weather-night theme--light"></i>settingDrawer.dark</span></button></div>
      </div>
    </div>
  </div>
  <div class="v-navigation-drawer__border"></div>
</nav>
`;
