// Jest Snapshot v1, https://goo.gl/fbAQLP

exports[`Login Page Tests Page renders properly 1`] = `
<div class="container">
  <div class="stripe"></div><img src="/images/logo/ikeda.svg">
  <h1 class="my-5 blue-grey--text">Login Page</h1>
  <div class="pa-5 v-card v-sheet theme--light" style="width: 440px;">
    <form novalidate="novalidate" class="v-form">
      <div class="v-input theme--light v-text-field v-text-field--enclosed v-text-field--outlined">
        <div class="v-input__control">
          <div class="v-input__slot field">
            <fieldset aria-hidden="true">
              <legend style="width: 0px;"><span>​</span></legend>
            </fieldset>
            <div class="v-text-field__slot"><label for="input-8" class="v-label theme--light" style="left: 0px; position: absolute;">ログインID</label><input id="input-8" type="text"></div>
          </div>
          <div class="v-text-field__details">
            <div class="v-messages theme--light">
              <transition-group-stub tag="div" name="message-transition" class="v-messages__wrapper"></transition-group-stub>
            </div>
          </div>
        </div>
      </div>
      <div class="v-input theme--light v-text-field v-text-field--enclosed v-text-field--outlined">
        <div class="v-input__control">
          <div class="v-input__slot field">
            <fieldset aria-hidden="true">
              <legend style="width: 0px;"><span>​</span></legend>
            </fieldset>
            <div class="v-text-field__slot"><label for="input-11" class="v-label theme--light" style="left: 0px; position: absolute;">パスワード</label><input id="input-11" type="password"></div>
          </div>
          <div class="v-text-field__details">
            <div class="v-messages theme--light">
              <transition-group-stub tag="div" name="message-transition" class="v-messages__wrapper"></transition-group-stub>
            </div>
          </div>
        </div>
      </div>
      <div class="v-input my-0 theme--light v-input--selection-controls v-input--checkbox">
        <div class="v-input__control">
          <div class="v-input__slot">
            <div class="v-input--selection-controls__input"><i aria-hidden="true" class="v-icon notranslate mdi mdi-checkbox-blank-outline theme--light"></i><input aria-checked="false" id="input-14" role="checkbox" type="checkbox" value="">
              <div class="v-input--selection-controls__ripple"></div>
            </div><label for="input-14" class="v-label theme--light" style="left: 0px; position: relative;">ログインしたままにする</label>
          </div>
          <div class="v-messages theme--light">
            <transition-group-stub tag="div" name="message-transition" class="v-messages__wrapper"></transition-group-stub>
          </div>
        </div>
      </div><button type="submit" disabled="disabled" class="text-h4 v-btn v-btn--block v-btn--disabled v-btn--has-bg v-btn--tile theme--light v-size--default" style="height: 50px;"><span class="v-btn__content">LOGIN</span></button>
    </form>
  </div>
  <h4 class="my-5 text-decoration-underline primary--text">＜パスワードを忘れた方はこちらへ</h4>
</div>
`;
